// Jest Snapshot v1, https://goo.gl/fbAQLP

exports[`<CodebookScreen /> can render 1`] = `
<getContext(Window(withState(withContext(Screen))))
  buttons={
    Array [
      <Button
        color=""
        content=""
        disabled={false}
        icon=""
        iconPosition="right"
        onClick={[Function]}
        size=""
        type="button"
      >
        Continue
      </Button>,
    ]
  }
  onAcknowledgeError={[Function]}
  show={true}
  transitionState={null}
>
  <Layout
    className=""
  >
    <SectionsHeading
      location={null}
      meta={null}
    >
      Codebook
    </SectionsHeading>
    <Section
      className=""
      compactNext={false}
      contentId={null}
      disabled={false}
      group={false}
    >
      <Connect(Codebook) />
    </Section>
  </Layout>
</getContext(Window(withState(withContext(Screen))))>
`;
