// Jest Snapshot v1, https://goo.gl/fbAQLP

exports[`<Protocol /> can render 1`] = `
ShallowWrapper {
  "length": 1,
  Symbol(enzyme.__root__): [Circular],
  Symbol(enzyme.__unrendered__): <Protocol
    exportProtocol={[Function]}
    hasChanges={false}
    hasUnsavedChanges={false}
    loadProtocol={[Function]}
    match={
        Object {
            "params": Object {},
          }
    }
    saveProtocol={[Function]}
    stages={
        Array [
            Object {
              "id": 1,
              "type": "Foo",
            },
          ]
    }
/>,
  Symbol(enzyme.__renderer__): Object {
    "batchedUpdates": [Function],
    "getNode": [Function],
    "render": [Function],
    "simulateEvent": [Function],
    "unmount": [Function],
  },
  Symbol(enzyme.__node__): Object {
    "instance": null,
    "key": undefined,
    "nodeType": "host",
    "props": Object {
      "children": Array [
        <withContext(Timeline)
          hasUnsavedChanges={false}
          onCreateStage={[Function]}
          onEditSkipLogic={[Function]}
          onEditStage={[Function]}
          stages={
                    Array [
                              Object {
                                "id": 1,
                                "type": "Foo",
                              },
                            ]
          }
/>,
        <div
          className="protocol__control-bar"
/>,
        <Connect(Draft(EditSkipLogic))
          cancel={false}
          onCancel={[Function]}
          onComplete={[Function]}
          show={false}
          stageId={undefined}
/>,
        <Connect(EditStage)
          cancel={false}
          cardType={null}
          onCancel={[Function]}
          onComplete={[Function]}
          show={false}
/>,
      ],
      "className": "protocol",
    },
    "ref": null,
    "rendered": Array [
      Object {
        "instance": null,
        "key": undefined,
        "nodeType": "class",
        "props": Object {
          "hasUnsavedChanges": false,
          "onCreateStage": [Function],
          "onEditSkipLogic": [Function],
          "onEditStage": [Function],
          "stages": Array [
            Object {
              "id": 1,
              "type": "Foo",
            },
          ],
        },
        "ref": null,
        "rendered": null,
        "type": [Function],
      },
      Object {
        "instance": null,
        "key": undefined,
        "nodeType": "host",
        "props": Object {
          "children": false,
          "className": "protocol__control-bar",
        },
        "ref": null,
        "rendered": false,
        "type": "div",
      },
      Object {
        "instance": null,
        "key": undefined,
        "nodeType": "class",
        "props": Object {
          "cancel": false,
          "onCancel": [Function],
          "onComplete": [Function],
          "show": false,
          "stageId": undefined,
        },
        "ref": null,
        "rendered": null,
        "type": [Function],
      },
      Object {
        "instance": null,
        "key": undefined,
        "nodeType": "class",
        "props": Object {
          "cancel": false,
          "cardType": null,
          "onCancel": [Function],
          "onComplete": [Function],
          "show": false,
        },
        "ref": null,
        "rendered": null,
        "type": [Function],
      },
    ],
    "type": "div",
  },
  Symbol(enzyme.__nodes__): Array [
    Object {
      "instance": null,
      "key": undefined,
      "nodeType": "host",
      "props": Object {
        "children": Array [
          <withContext(Timeline)
            hasUnsavedChanges={false}
            onCreateStage={[Function]}
            onEditSkipLogic={[Function]}
            onEditStage={[Function]}
            stages={
                        Array [
                                    Object {
                                      "id": 1,
                                      "type": "Foo",
                                    },
                                  ]
            }
/>,
          <div
            className="protocol__control-bar"
/>,
          <Connect(Draft(EditSkipLogic))
            cancel={false}
            onCancel={[Function]}
            onComplete={[Function]}
            show={false}
            stageId={undefined}
/>,
          <Connect(EditStage)
            cancel={false}
            cardType={null}
            onCancel={[Function]}
            onComplete={[Function]}
            show={false}
/>,
        ],
        "className": "protocol",
      },
      "ref": null,
      "rendered": Array [
        Object {
          "instance": null,
          "key": undefined,
          "nodeType": "class",
          "props": Object {
            "hasUnsavedChanges": false,
            "onCreateStage": [Function],
            "onEditSkipLogic": [Function],
            "onEditStage": [Function],
            "stages": Array [
              Object {
                "id": 1,
                "type": "Foo",
              },
            ],
          },
          "ref": null,
          "rendered": null,
          "type": [Function],
        },
        Object {
          "instance": null,
          "key": undefined,
          "nodeType": "host",
          "props": Object {
            "children": false,
            "className": "protocol__control-bar",
          },
          "ref": null,
          "rendered": false,
          "type": "div",
        },
        Object {
          "instance": null,
          "key": undefined,
          "nodeType": "class",
          "props": Object {
            "cancel": false,
            "onCancel": [Function],
            "onComplete": [Function],
            "show": false,
            "stageId": undefined,
          },
          "ref": null,
          "rendered": null,
          "type": [Function],
        },
        Object {
          "instance": null,
          "key": undefined,
          "nodeType": "class",
          "props": Object {
            "cancel": false,
            "cardType": null,
            "onCancel": [Function],
            "onComplete": [Function],
            "show": false,
          },
          "ref": null,
          "rendered": null,
          "type": [Function],
        },
      ],
      "type": "div",
    },
  ],
  Symbol(enzyme.__options__): Object {
    "adapter": ReactSixteenAdapter {
      "options": Object {
        "enableComponentDidUpdateOnSetState": true,
      },
    },
  },
}
`;
