// Jest Snapshot v1, https://goo.gl/fbAQLP

exports[`<Stage /> can render 1`] = `
<div
  className="timeline-stage"
  onEditSkipLogic={[Function]}
>
  <div
    className="timeline-stage__notch"
    onClick={[Function]}
  />
  <getContext(Draft(EditStageButton))
    hasFilter={false}
    hasSkipLogic={false}
    label=""
    onEditStage={[Function]}
    type="Foo"
    zoomColors={
      Array [
        "#227733",
        "#ffffff",
      ]
    }
  />
  <div
    className="timeline-stage__controls"
  >
    <a
      className="timeline-stage__control"
      onClick={[Function]}
    >
      <div
        className="timeline-stage__control-icon"
      >
        ↑
      </div>
      Add stage before
    </a>
    <a
      className="timeline-stage__control"
      onClick={[Function]}
    >
      <div
        className="timeline-stage__control-icon"
      >
        ✕
      </div>
      Delete stage
    </a>
    <a
      className="timeline-stage__control"
      onClick={[Function]}
    >
      <div
        className="timeline-stage__control-icon"
      >
        ↓
      </div>
      Add stage after
    </a>
  </div>
</div>
`;
