// Jest Snapshot v1, https://goo.gl/fbAQLP

exports[`<Stage /> can render 1`] = `
ShallowWrapper {
  "length": 1,
  Symbol(enzyme.__root__): [Circular],
  Symbol(enzyme.__unrendered__): <TimelineStage
    className=""
    label=""
    onDeleteStage={[Function]}
    onEditSkipLogic={[Function]}
    onEditStage={[Function]}
    onInsertStage={[Function]}
    type="Foo"
  />,
  Symbol(enzyme.__renderer__): Object {
    "batchedUpdates": [Function],
    "getNode": [Function],
    "render": [Function],
    "simulateEvent": [Function],
    "unmount": [Function],
  },
  Symbol(enzyme.__node__): Object {
    "instance": null,
    "key": undefined,
    "nodeType": "host",
    "props": Object {
      "children": Array [
        <div
          className="timeline-stage__notch"
          onClick={[Function]}
        />,
        <getContext(Draft(Component))
          label=""
          onEditStage={[Function]}
          type="Foo"
          zoomColors={
            Array [
              "#227733",
              "#ffffff",
            ]
          }
        />,
        <div
          className="timeline-stage__controls"
        >
          <a
            className="timeline-stage__control"
            onClick={[Function]}
          >
            <div
              className="timeline-stage__control-icon"
            >
              ↑
            </div>
            Add screen before
          </a>
          <getContext(Draft(Component))
            onEditSkipLogic={[Function]}
            zoomColors={
              Array [
                "#ffffff",
                "#f2b700",
              ]
            }
          />
          <a
            className="timeline-stage__control"
            onClick={[Function]}
          >
            <div
              className="timeline-stage__control-icon"
            >
              ✕
            </div>
            Delete stage
          </a>
          <a
            className="timeline-stage__control"
            onClick={[Function]}
          >
            <div
              className="timeline-stage__control-icon"
            >
              ↓
            </div>
            Add screen after
          </a>
        </div>,
      ],
      "className": "timeline-stage",
    },
    "ref": null,
    "rendered": Array [
      Object {
        "instance": null,
        "key": undefined,
        "nodeType": "host",
        "props": Object {
          "className": "timeline-stage__notch",
          "onClick": [Function],
        },
        "ref": null,
        "rendered": null,
        "type": "div",
      },
      Object {
        "instance": null,
        "key": undefined,
        "nodeType": "function",
        "props": Object {
          "label": "",
          "onEditStage": [Function],
          "type": "Foo",
          "zoomColors": Array [
            "#227733",
            "#ffffff",
          ],
        },
        "ref": null,
        "rendered": null,
        "type": [Function],
      },
      Object {
        "instance": null,
        "key": undefined,
        "nodeType": "host",
        "props": Object {
          "children": Array [
            <a
              className="timeline-stage__control"
              onClick={[Function]}
            >
              <div
                className="timeline-stage__control-icon"
              >
                ↑
              </div>
              Add screen before
            </a>,
            <getContext(Draft(Component))
              onEditSkipLogic={[Function]}
              zoomColors={
                Array [
                  "#ffffff",
                  "#f2b700",
                ]
              }
            />,
            <a
              className="timeline-stage__control"
              onClick={[Function]}
            >
              <div
                className="timeline-stage__control-icon"
              >
                ✕
              </div>
              Delete stage
            </a>,
            <a
              className="timeline-stage__control"
              onClick={[Function]}
            >
              <div
                className="timeline-stage__control-icon"
              >
                ↓
              </div>
              Add screen after
            </a>,
          ],
          "className": "timeline-stage__controls",
        },
        "ref": null,
        "rendered": Array [
          Object {
            "instance": null,
            "key": undefined,
            "nodeType": "host",
            "props": Object {
              "children": Array [
                <div
                  className="timeline-stage__control-icon"
                >
                  ↑
                </div>,
                "Add screen before",
              ],
              "className": "timeline-stage__control",
              "onClick": [Function],
            },
            "ref": null,
            "rendered": Array [
              Object {
                "instance": null,
                "key": undefined,
                "nodeType": "host",
                "props": Object {
                  "children": "↑",
                  "className": "timeline-stage__control-icon",
                },
                "ref": null,
                "rendered": "↑",
                "type": "div",
              },
              "Add screen before",
            ],
            "type": "a",
          },
          Object {
            "instance": null,
            "key": undefined,
            "nodeType": "function",
            "props": Object {
              "onEditSkipLogic": [Function],
              "zoomColors": Array [
                "#ffffff",
                "#f2b700",
              ],
            },
            "ref": null,
            "rendered": null,
            "type": [Function],
          },
          Object {
            "instance": null,
            "key": undefined,
            "nodeType": "host",
            "props": Object {
              "children": Array [
                <div
                  className="timeline-stage__control-icon"
                >
                  ✕
                </div>,
                "Delete stage",
              ],
              "className": "timeline-stage__control",
              "onClick": [Function],
            },
            "ref": null,
            "rendered": Array [
              Object {
                "instance": null,
                "key": undefined,
                "nodeType": "host",
                "props": Object {
                  "children": "✕",
                  "className": "timeline-stage__control-icon",
                },
                "ref": null,
                "rendered": "✕",
                "type": "div",
              },
              "Delete stage",
            ],
            "type": "a",
          },
          Object {
            "instance": null,
            "key": undefined,
            "nodeType": "host",
            "props": Object {
              "children": Array [
                <div
                  className="timeline-stage__control-icon"
                >
                  ↓
                </div>,
                "Add screen after",
              ],
              "className": "timeline-stage__control",
              "onClick": [Function],
            },
            "ref": null,
            "rendered": Array [
              Object {
                "instance": null,
                "key": undefined,
                "nodeType": "host",
                "props": Object {
                  "children": "↓",
                  "className": "timeline-stage__control-icon",
                },
                "ref": null,
                "rendered": "↓",
                "type": "div",
              },
              "Add screen after",
            ],
            "type": "a",
          },
        ],
        "type": "div",
      },
    ],
    "type": "div",
  },
  Symbol(enzyme.__nodes__): Array [
    Object {
      "instance": null,
      "key": undefined,
      "nodeType": "host",
      "props": Object {
        "children": Array [
          <div
            className="timeline-stage__notch"
            onClick={[Function]}
          />,
          <getContext(Draft(Component))
            label=""
            onEditStage={[Function]}
            type="Foo"
            zoomColors={
              Array [
                "#227733",
                "#ffffff",
              ]
            }
          />,
          <div
            className="timeline-stage__controls"
          >
            <a
              className="timeline-stage__control"
              onClick={[Function]}
            >
              <div
                className="timeline-stage__control-icon"
              >
                ↑
              </div>
              Add screen before
            </a>
            <getContext(Draft(Component))
              onEditSkipLogic={[Function]}
              zoomColors={
                Array [
                  "#ffffff",
                  "#f2b700",
                ]
              }
            />
            <a
              className="timeline-stage__control"
              onClick={[Function]}
            >
              <div
                className="timeline-stage__control-icon"
              >
                ✕
              </div>
              Delete stage
            </a>
            <a
              className="timeline-stage__control"
              onClick={[Function]}
            >
              <div
                className="timeline-stage__control-icon"
              >
                ↓
              </div>
              Add screen after
            </a>
          </div>,
        ],
        "className": "timeline-stage",
      },
      "ref": null,
      "rendered": Array [
        Object {
          "instance": null,
          "key": undefined,
          "nodeType": "host",
          "props": Object {
            "className": "timeline-stage__notch",
            "onClick": [Function],
          },
          "ref": null,
          "rendered": null,
          "type": "div",
        },
        Object {
          "instance": null,
          "key": undefined,
          "nodeType": "function",
          "props": Object {
            "label": "",
            "onEditStage": [Function],
            "type": "Foo",
            "zoomColors": Array [
              "#227733",
              "#ffffff",
            ],
          },
          "ref": null,
          "rendered": null,
          "type": [Function],
        },
        Object {
          "instance": null,
          "key": undefined,
          "nodeType": "host",
          "props": Object {
            "children": Array [
              <a
                className="timeline-stage__control"
                onClick={[Function]}
              >
                <div
                  className="timeline-stage__control-icon"
                >
                  ↑
                </div>
                Add screen before
              </a>,
              <getContext(Draft(Component))
                onEditSkipLogic={[Function]}
                zoomColors={
                  Array [
                    "#ffffff",
                    "#f2b700",
                  ]
                }
              />,
              <a
                className="timeline-stage__control"
                onClick={[Function]}
              >
                <div
                  className="timeline-stage__control-icon"
                >
                  ✕
                </div>
                Delete stage
              </a>,
              <a
                className="timeline-stage__control"
                onClick={[Function]}
              >
                <div
                  className="timeline-stage__control-icon"
                >
                  ↓
                </div>
                Add screen after
              </a>,
            ],
            "className": "timeline-stage__controls",
          },
          "ref": null,
          "rendered": Array [
            Object {
              "instance": null,
              "key": undefined,
              "nodeType": "host",
              "props": Object {
                "children": Array [
                  <div
                    className="timeline-stage__control-icon"
                  >
                    ↑
                  </div>,
                  "Add screen before",
                ],
                "className": "timeline-stage__control",
                "onClick": [Function],
              },
              "ref": null,
              "rendered": Array [
                Object {
                  "instance": null,
                  "key": undefined,
                  "nodeType": "host",
                  "props": Object {
                    "children": "↑",
                    "className": "timeline-stage__control-icon",
                  },
                  "ref": null,
                  "rendered": "↑",
                  "type": "div",
                },
                "Add screen before",
              ],
              "type": "a",
            },
            Object {
              "instance": null,
              "key": undefined,
              "nodeType": "function",
              "props": Object {
                "onEditSkipLogic": [Function],
                "zoomColors": Array [
                  "#ffffff",
                  "#f2b700",
                ],
              },
              "ref": null,
              "rendered": null,
              "type": [Function],
            },
            Object {
              "instance": null,
              "key": undefined,
              "nodeType": "host",
              "props": Object {
                "children": Array [
                  <div
                    className="timeline-stage__control-icon"
                  >
                    ✕
                  </div>,
                  "Delete stage",
                ],
                "className": "timeline-stage__control",
                "onClick": [Function],
              },
              "ref": null,
              "rendered": Array [
                Object {
                  "instance": null,
                  "key": undefined,
                  "nodeType": "host",
                  "props": Object {
                    "children": "✕",
                    "className": "timeline-stage__control-icon",
                  },
                  "ref": null,
                  "rendered": "✕",
                  "type": "div",
                },
                "Delete stage",
              ],
              "type": "a",
            },
            Object {
              "instance": null,
              "key": undefined,
              "nodeType": "host",
              "props": Object {
                "children": Array [
                  <div
                    className="timeline-stage__control-icon"
                  >
                    ↓
                  </div>,
                  "Add screen after",
                ],
                "className": "timeline-stage__control",
                "onClick": [Function],
              },
              "ref": null,
              "rendered": Array [
                Object {
                  "instance": null,
                  "key": undefined,
                  "nodeType": "host",
                  "props": Object {
                    "children": "↓",
                    "className": "timeline-stage__control-icon",
                  },
                  "ref": null,
                  "rendered": "↓",
                  "type": "div",
                },
                "Add screen after",
              ],
              "type": "a",
            },
          ],
          "type": "div",
        },
      ],
      "type": "div",
    },
  ],
  Symbol(enzyme.__options__): Object {
    "adapter": ReactSixteenAdapter {
      "options": Object {
        "enableComponentDidUpdateOnSetState": true,
      },
    },
  },
}
`;
