// Jest Snapshot v1, https://goo.gl/fbAQLP

exports[`<Stage /> can render 1`] = `
<ForwardRef(MotionComponent)
  className="timeline-stage"
  variants={
    Object {
      "hide": Object {
        "opacity": 0,
        "scale": 0,
      },
      "show": Object {
        "opacity": 1,
        "scale": 1,
        "transition": Object {
          "delay": 0.75,
          "type": "spring",
        },
      },
    }
  }
>
  <div
    className="timeline-stage__notch"
    onClick={[Function]}
  />
  <ForwardRef(EditStageButton)
    hasFilter={false}
    hasSkipLogic={false}
    label=""
    onEditStage={[Function]}
    type="Foo"
  />
  <div
    className="timeline-stage__controls"
  >
    <a
      className="timeline-stage__control"
      onClick={[Function]}
    >
      <div
        className="timeline-stage__control-icon"
      >
        ✕
      </div>
      Delete stage
    </a>
  </div>
</ForwardRef(MotionComponent)>
`;
