// Jest Snapshot v1, https://goo.gl/fbAQLP

exports[`<IconOption /> can render 1`] = `
ShallowWrapper {
  "length": 1,
  Symbol(enzyme.__root__): [Circular],
  Symbol(enzyme.__unrendered__): <IconOption
    input={Object {}}
    label="add-a-person"
/>,
  Symbol(enzyme.__renderer__): Object {
    "batchedUpdates": [Function],
    "getNode": [Function],
    "render": [Function],
    "simulateEvent": [Function],
    "unmount": [Function],
  },
  Symbol(enzyme.__node__): Object {
    "instance": null,
    "key": undefined,
    "nodeType": "class",
    "props": Object {
      "className": "type-editor-icon-option",
      "disabled": false,
      "input": Object {},
      "label": <Icon
        className=""
        color=""
        name="add-a-person"
        style={Object {}}
/>,
    },
    "ref": null,
    "rendered": null,
    "type": [Function],
  },
  Symbol(enzyme.__nodes__): Array [
    Object {
      "instance": null,
      "key": undefined,
      "nodeType": "class",
      "props": Object {
        "className": "type-editor-icon-option",
        "disabled": false,
        "input": Object {},
        "label": <Icon
          className=""
          color=""
          name="add-a-person"
          style={Object {}}
/>,
      },
      "ref": null,
      "rendered": null,
      "type": [Function],
    },
  ],
  Symbol(enzyme.__options__): Object {
    "adapter": ReactSixteenAdapter {
      "options": Object {
        "enableComponentDidUpdateOnSetState": true,
      },
    },
  },
}
`;
