// Jest Snapshot v1, https://goo.gl/fbAQLP

exports[`<CodeView /> can render 1`] = `
<ForwardRef(MotionComponent)
  animate="hide"
  className="code-view"
  initial="hide"
  transition={
    Object {
      "duration": NaN,
      "ease": "easeInOut",
    }
  }
  variants={
    Object {
      "hide": Object {
        "opacity": 0,
        "translateY": "-100%",
      },
      "show": Object {
        "opacity": 1,
        "translateY": "0%",
      },
    }
  }
>
  <div
    className="code-view__content"
  >
    <pre>
      <code>
        {}
      </code>
    </pre>
  </div>
  <div
    className="code-view__controls"
    onClick={[Function]}
  >
    Close code view
  </div>
</ForwardRef(MotionComponent)>
`;
