// Jest Snapshot v1, https://goo.gl/fbAQLP

exports[`<ViewForms /> can render 1`] = `
ShallowWrapper {
  Symbol(enzyme.__root__): [Circular],
  Symbol(enzyme.__unrendered__): <ViewForms
    deleteForm={[Function]}
    forms={Object {}}
    nodes={Object {}}
    onComplete={[Function]}
    openDialog={[Function]}
    protocolPath={null}
    show={true}
  />,
  Symbol(enzyme.__renderer__): Object {
    "batchedUpdates": [Function],
    "getNode": [Function],
    "render": [Function],
    "simulateError": [Function],
    "simulateEvent": [Function],
    "unmount": [Function],
  },
  Symbol(enzyme.__node__): Object {
    "instance": null,
    "key": undefined,
    "nodeType": "function",
    "props": Object {
      "buttons": Array [
        <Button
          color="platinum"
          content=""
          icon=""
          iconPosition="right"
          onClick={[Function]}
          size=""
          type="button"
        >
          Back
        </Button>,
      ],
      "children": <Connect(Guided)>
        <div
          className="editor variable-codebook"
        >
          <div
            className="editor__window"
          >
            <div
              className="editor__content"
            >
              <h1
                className="editor__heading"
              >
                Form Manager
              </h1>
              <p>
                Use this screen to create, edit, and manage your forms.
              </p>
              <Connect(Guided)
                contentId="guidance.forms.index"
              >
                <div
                  className="editor__section"
                >
                  <h2>
                    Existing Forms
                  </h2>
                  <div
                    className="editor__subsection"
                  >
                    <div
                      className="simple-list"
                    >
                      <TransitionGroup
                        childFactory={[Function]}
                        component="div"
                      />
                    </div>
                  </div>
                </div>
              </Connect(Guided)>
            </div>
          </div>
        </div>
      </Connect(Guided)>,
      "show": true,
    },
    "ref": null,
    "rendered": Object {
      "instance": null,
      "key": undefined,
      "nodeType": "class",
      "props": Object {
        "children": <div
          className="editor variable-codebook"
        >
          <div
            className="editor__window"
          >
            <div
              className="editor__content"
            >
              <h1
                className="editor__heading"
              >
                Form Manager
              </h1>
              <p>
                Use this screen to create, edit, and manage your forms.
              </p>
              <Connect(Guided)
                contentId="guidance.forms.index"
              >
                <div
                  className="editor__section"
                >
                  <h2>
                    Existing Forms
                  </h2>
                  <div
                    className="editor__subsection"
                  >
                    <div
                      className="simple-list"
                    >
                      <TransitionGroup
                        childFactory={[Function]}
                        component="div"
                      />
                    </div>
                  </div>
                </div>
              </Connect(Guided)>
            </div>
          </div>
        </div>,
      },
      "ref": null,
      "rendered": Object {
        "instance": null,
        "key": undefined,
        "nodeType": "host",
        "props": Object {
          "children": <div
            className="editor__window"
          >
            <div
              className="editor__content"
            >
              <h1
                className="editor__heading"
              >
                Form Manager
              </h1>
              <p>
                Use this screen to create, edit, and manage your forms.
              </p>
              <Connect(Guided)
                contentId="guidance.forms.index"
              >
                <div
                  className="editor__section"
                >
                  <h2>
                    Existing Forms
                  </h2>
                  <div
                    className="editor__subsection"
                  >
                    <div
                      className="simple-list"
                    >
                      <TransitionGroup
                        childFactory={[Function]}
                        component="div"
                      />
                    </div>
                  </div>
                </div>
              </Connect(Guided)>
            </div>
          </div>,
          "className": "editor variable-codebook",
        },
        "ref": null,
        "rendered": Object {
          "instance": null,
          "key": undefined,
          "nodeType": "host",
          "props": Object {
            "children": <div
              className="editor__content"
            >
              <h1
                className="editor__heading"
              >
                Form Manager
              </h1>
              <p>
                Use this screen to create, edit, and manage your forms.
              </p>
              <Connect(Guided)
                contentId="guidance.forms.index"
              >
                <div
                  className="editor__section"
                >
                  <h2>
                    Existing Forms
                  </h2>
                  <div
                    className="editor__subsection"
                  >
                    <div
                      className="simple-list"
                    >
                      <TransitionGroup
                        childFactory={[Function]}
                        component="div"
                      />
                    </div>
                  </div>
                </div>
              </Connect(Guided)>
            </div>,
            "className": "editor__window",
          },
          "ref": null,
          "rendered": Object {
            "instance": null,
            "key": undefined,
            "nodeType": "host",
            "props": Object {
              "children": Array [
                <h1
                  className="editor__heading"
                >
                  Form Manager
                </h1>,
                <p>
                  Use this screen to create, edit, and manage your forms.
                </p>,
                <Connect(Guided)
                  contentId="guidance.forms.index"
                >
                  <div
                    className="editor__section"
                  >
                    <h2>
                      Existing Forms
                    </h2>
                    <div
                      className="editor__subsection"
                    >
                      <div
                        className="simple-list"
                      >
                        <TransitionGroup
                          childFactory={[Function]}
                          component="div"
                        />
                      </div>
                    </div>
                  </div>
                </Connect(Guided)>,
              ],
              "className": "editor__content",
            },
            "ref": null,
            "rendered": Array [
              Object {
                "instance": null,
                "key": undefined,
                "nodeType": "host",
                "props": Object {
                  "children": "Form Manager",
                  "className": "editor__heading",
                },
                "ref": null,
                "rendered": "Form Manager",
                "type": "h1",
              },
              Object {
                "instance": null,
                "key": undefined,
                "nodeType": "host",
                "props": Object {
                  "children": "Use this screen to create, edit, and manage your forms.",
                },
                "ref": null,
                "rendered": "Use this screen to create, edit, and manage your forms.",
                "type": "p",
              },
              Object {
                "instance": null,
                "key": undefined,
                "nodeType": "class",
                "props": Object {
                  "children": <div
                    className="editor__section"
                  >
                    <h2>
                      Existing Forms
                    </h2>
                    <div
                      className="editor__subsection"
                    >
                      <div
                        className="simple-list"
                      >
                        <TransitionGroup
                          childFactory={[Function]}
                          component="div"
                        />
                      </div>
                    </div>
                  </div>,
                  "contentId": "guidance.forms.index",
                },
                "ref": null,
                "rendered": Object {
                  "instance": null,
                  "key": undefined,
                  "nodeType": "host",
                  "props": Object {
                    "children": Array [
                      <h2>
                        Existing Forms
                      </h2>,
                      <div
                        className="editor__subsection"
                      >
                        <div
                          className="simple-list"
                        >
                          <TransitionGroup
                            childFactory={[Function]}
                            component="div"
                          />
                        </div>
                      </div>,
                      null,
                    ],
                    "className": "editor__section",
                  },
                  "ref": null,
                  "rendered": Array [
                    Object {
                      "instance": null,
                      "key": undefined,
                      "nodeType": "host",
                      "props": Object {
                        "children": "Existing Forms",
                      },
                      "ref": null,
                      "rendered": "Existing Forms",
                      "type": "h2",
                    },
                    Object {
                      "instance": null,
                      "key": undefined,
                      "nodeType": "host",
                      "props": Object {
                        "children": <div
                          className="simple-list"
                        >
                          <TransitionGroup
                            childFactory={[Function]}
                            component="div"
                          />
                        </div>,
                        "className": "editor__subsection",
                      },
                      "ref": null,
                      "rendered": Object {
                        "instance": null,
                        "key": undefined,
                        "nodeType": "host",
                        "props": Object {
                          "children": <TransitionGroup
                            childFactory={[Function]}
                            component="div"
                          />,
                          "className": "simple-list",
                        },
                        "ref": null,
                        "rendered": Object {
                          "instance": null,
                          "key": undefined,
                          "nodeType": "class",
                          "props": Object {
                            "childFactory": [Function],
                            "children": Array [],
                            "component": "div",
                          },
                          "ref": null,
                          "rendered": Array [],
                          "type": [Function],
                        },
                        "type": "div",
                      },
                      "type": "div",
                    },
                    null,
                  ],
                  "type": "div",
                },
                "type": [Function],
              },
            ],
            "type": "div",
          },
          "type": "div",
        },
        "type": "div",
      },
      "type": [Function],
    },
    "type": [Function],
  },
  Symbol(enzyme.__nodes__): Array [
    Object {
      "instance": null,
      "key": undefined,
      "nodeType": "function",
      "props": Object {
        "buttons": Array [
          <Button
            color="platinum"
            content=""
            icon=""
            iconPosition="right"
            onClick={[Function]}
            size=""
            type="button"
          >
            Back
          </Button>,
        ],
        "children": <Connect(Guided)>
          <div
            className="editor variable-codebook"
          >
            <div
              className="editor__window"
            >
              <div
                className="editor__content"
              >
                <h1
                  className="editor__heading"
                >
                  Form Manager
                </h1>
                <p>
                  Use this screen to create, edit, and manage your forms.
                </p>
                <Connect(Guided)
                  contentId="guidance.forms.index"
                >
                  <div
                    className="editor__section"
                  >
                    <h2>
                      Existing Forms
                    </h2>
                    <div
                      className="editor__subsection"
                    >
                      <div
                        className="simple-list"
                      >
                        <TransitionGroup
                          childFactory={[Function]}
                          component="div"
                        />
                      </div>
                    </div>
                  </div>
                </Connect(Guided)>
              </div>
            </div>
          </div>
        </Connect(Guided)>,
        "show": true,
      },
      "ref": null,
      "rendered": Object {
        "instance": null,
        "key": undefined,
        "nodeType": "class",
        "props": Object {
          "children": <div
            className="editor variable-codebook"
          >
            <div
              className="editor__window"
            >
              <div
                className="editor__content"
              >
                <h1
                  className="editor__heading"
                >
                  Form Manager
                </h1>
                <p>
                  Use this screen to create, edit, and manage your forms.
                </p>
                <Connect(Guided)
                  contentId="guidance.forms.index"
                >
                  <div
                    className="editor__section"
                  >
                    <h2>
                      Existing Forms
                    </h2>
                    <div
                      className="editor__subsection"
                    >
                      <div
                        className="simple-list"
                      >
                        <TransitionGroup
                          childFactory={[Function]}
                          component="div"
                        />
                      </div>
                    </div>
                  </div>
                </Connect(Guided)>
              </div>
            </div>
          </div>,
        },
        "ref": null,
        "rendered": Object {
          "instance": null,
          "key": undefined,
          "nodeType": "host",
          "props": Object {
            "children": <div
              className="editor__window"
            >
              <div
                className="editor__content"
              >
                <h1
                  className="editor__heading"
                >
                  Form Manager
                </h1>
                <p>
                  Use this screen to create, edit, and manage your forms.
                </p>
                <Connect(Guided)
                  contentId="guidance.forms.index"
                >
                  <div
                    className="editor__section"
                  >
                    <h2>
                      Existing Forms
                    </h2>
                    <div
                      className="editor__subsection"
                    >
                      <div
                        className="simple-list"
                      >
                        <TransitionGroup
                          childFactory={[Function]}
                          component="div"
                        />
                      </div>
                    </div>
                  </div>
                </Connect(Guided)>
              </div>
            </div>,
            "className": "editor variable-codebook",
          },
          "ref": null,
          "rendered": Object {
            "instance": null,
            "key": undefined,
            "nodeType": "host",
            "props": Object {
              "children": <div
                className="editor__content"
              >
                <h1
                  className="editor__heading"
                >
                  Form Manager
                </h1>
                <p>
                  Use this screen to create, edit, and manage your forms.
                </p>
                <Connect(Guided)
                  contentId="guidance.forms.index"
                >
                  <div
                    className="editor__section"
                  >
                    <h2>
                      Existing Forms
                    </h2>
                    <div
                      className="editor__subsection"
                    >
                      <div
                        className="simple-list"
                      >
                        <TransitionGroup
                          childFactory={[Function]}
                          component="div"
                        />
                      </div>
                    </div>
                  </div>
                </Connect(Guided)>
              </div>,
              "className": "editor__window",
            },
            "ref": null,
            "rendered": Object {
              "instance": null,
              "key": undefined,
              "nodeType": "host",
              "props": Object {
                "children": Array [
                  <h1
                    className="editor__heading"
                  >
                    Form Manager
                  </h1>,
                  <p>
                    Use this screen to create, edit, and manage your forms.
                  </p>,
                  <Connect(Guided)
                    contentId="guidance.forms.index"
                  >
                    <div
                      className="editor__section"
                    >
                      <h2>
                        Existing Forms
                      </h2>
                      <div
                        className="editor__subsection"
                      >
                        <div
                          className="simple-list"
                        >
                          <TransitionGroup
                            childFactory={[Function]}
                            component="div"
                          />
                        </div>
                      </div>
                    </div>
                  </Connect(Guided)>,
                ],
                "className": "editor__content",
              },
              "ref": null,
              "rendered": Array [
                Object {
                  "instance": null,
                  "key": undefined,
                  "nodeType": "host",
                  "props": Object {
                    "children": "Form Manager",
                    "className": "editor__heading",
                  },
                  "ref": null,
                  "rendered": "Form Manager",
                  "type": "h1",
                },
                Object {
                  "instance": null,
                  "key": undefined,
                  "nodeType": "host",
                  "props": Object {
                    "children": "Use this screen to create, edit, and manage your forms.",
                  },
                  "ref": null,
                  "rendered": "Use this screen to create, edit, and manage your forms.",
                  "type": "p",
                },
                Object {
                  "instance": null,
                  "key": undefined,
                  "nodeType": "class",
                  "props": Object {
                    "children": <div
                      className="editor__section"
                    >
                      <h2>
                        Existing Forms
                      </h2>
                      <div
                        className="editor__subsection"
                      >
                        <div
                          className="simple-list"
                        >
                          <TransitionGroup
                            childFactory={[Function]}
                            component="div"
                          />
                        </div>
                      </div>
                    </div>,
                    "contentId": "guidance.forms.index",
                  },
                  "ref": null,
                  "rendered": Object {
                    "instance": null,
                    "key": undefined,
                    "nodeType": "host",
                    "props": Object {
                      "children": Array [
                        <h2>
                          Existing Forms
                        </h2>,
                        <div
                          className="editor__subsection"
                        >
                          <div
                            className="simple-list"
                          >
                            <TransitionGroup
                              childFactory={[Function]}
                              component="div"
                            />
                          </div>
                        </div>,
                        null,
                      ],
                      "className": "editor__section",
                    },
                    "ref": null,
                    "rendered": Array [
                      Object {
                        "instance": null,
                        "key": undefined,
                        "nodeType": "host",
                        "props": Object {
                          "children": "Existing Forms",
                        },
                        "ref": null,
                        "rendered": "Existing Forms",
                        "type": "h2",
                      },
                      Object {
                        "instance": null,
                        "key": undefined,
                        "nodeType": "host",
                        "props": Object {
                          "children": <div
                            className="simple-list"
                          >
                            <TransitionGroup
                              childFactory={[Function]}
                              component="div"
                            />
                          </div>,
                          "className": "editor__subsection",
                        },
                        "ref": null,
                        "rendered": Object {
                          "instance": null,
                          "key": undefined,
                          "nodeType": "host",
                          "props": Object {
                            "children": <TransitionGroup
                              childFactory={[Function]}
                              component="div"
                            />,
                            "className": "simple-list",
                          },
                          "ref": null,
                          "rendered": Object {
                            "instance": null,
                            "key": undefined,
                            "nodeType": "class",
                            "props": Object {
                              "childFactory": [Function],
                              "children": Array [],
                              "component": "div",
                            },
                            "ref": null,
                            "rendered": Array [],
                            "type": [Function],
                          },
                          "type": "div",
                        },
                        "type": "div",
                      },
                      null,
                    ],
                    "type": "div",
                  },
                  "type": [Function],
                },
              ],
              "type": "div",
            },
            "type": "div",
          },
          "type": "div",
        },
        "type": [Function],
      },
      "type": [Function],
    },
  ],
  Symbol(enzyme.__options__): Object {
    "adapter": ReactSixteenAdapter {
      "options": Object {
        "enableComponentDidUpdateOnSetState": true,
        "lifecycles": Object {
          "componentDidUpdate": Object {
            "onSetState": true,
          },
          "getDerivedStateFromProps": true,
          "getSnapshotBeforeUpdate": true,
          "setState": Object {
            "skipsComponentDidUpdateOnNullish": true,
          },
        },
      },
    },
  },
}
`;
