// Jest Snapshot v1, https://goo.gl/fbAQLP

exports[`<CodebookScreen /> can render 1`] = `
<Screen
  beforeCloseHandler={null}
  className=""
  footer={
    <ControlBar
      buttons={
        Array [
          <Button
            color="platinum"
            content=""
            disabled={false}
            icon=""
            iconPosition="left"
            onClick={[Function]}
            size=""
            type="button"
          >
            Close
          </Button>,
        ]
      }
      className=""
      secondaryButtons={null}
    />
  }
  header={null}
  layoutId={null}
  onComplete={[Function]}
>
  <CollapsableHeader
    collapsedState={
      <div
        className="stage-heading stage-heading--collapsed stage-heading--shadow"
      >
        <Layout
          className=""
        >
          <h2>
            Codebook
          </h2>
        </Layout>
      </div>
    }
    threshold={115}
  >
    <div
      className="stage-heading stage-heading--inline"
    >
      <Layout
        className=""
      >
        <h1
          className="screen-heading"
        >
          Codebook
        </h1>
        <p>
          Below you can find an overview of the node and edge types that you have defined while creating your interview. Entities that are unused may be deleted.
        </p>
      </Layout>
    </div>
  </CollapsableHeader>
  <Layout
    className=""
  >
    <Connect(Codebook) />
  </Layout>
</Screen>
`;
