// Jest Snapshot v1, https://goo.gl/fbAQLP

exports[`<StageEditorScreen /> can render 1`] = `
<ContextProvider
  value={null}
>
  <withHandlers(withProps(Connect(EditorScreen)))
    closePreview={[Function]}
    invalid={false}
    previewStage={[Function]}
    show={true}
    store={
      Object {
        "dispatch": [Function],
        "getState": [Function],
        "replaceReducer": [Function],
        "subscribe": [Function],
        Symbol(observable): [Function],
      }
    }
  />
</ContextProvider>
`;
