// Jest Snapshot v1, https://goo.gl/fbAQLP

exports[`<Overview /> can render? 1`] = `
ShallowWrapper {
  Symbol(enzyme.__root__): [Circular],
  Symbol(enzyme.__unrendered__): <Overview
    description=""
    flipId="foo"
    forms={Object {}}
    name=""
    show={true}
    updateOptions={[Function]}
    variableRegistry={Object {}}
  />,
  Symbol(enzyme.__renderer__): Object {
    "batchedUpdates": [Function],
    "getNode": [Function],
    "render": [Function],
    "simulateError": [Function],
    "simulateEvent": [Function],
    "unmount": [Function],
  },
  Symbol(enzyme.__node__): Object {
    "instance": null,
    "key": undefined,
    "nodeType": "function",
    "props": Object {
      "children": <FlippedWithContext
        flipId="foo"
      >
        <div
          className="overview"
        >
          <div
            className="overview__panel"
          >
            <div
              className="overview__groups"
            >
              <div
                className="overview__group overview__group--title"
              >
                <h1
                  className="overview__name"
                >
                  
                </h1>
                <TextInput
                  autoFocus={false}
                  className="timeline-overview__name"
                  fieldLabel={null}
                  hidden={false}
                  input={
                    Object {
                      "onChange": [Function],
                      "value": "",
                    }
                  }
                  label="Protocol description:"
                  meta={Object {}}
                  placeholder="Enter a description for your protocol here"
                  type="text"
                />
              </div>
              <div
                className="overview__group"
              >
                <legend
                  className="overview__group-title"
                >
                  Variable registry
                </legend>
                <br />
                <h4>
                  Node types
                </h4>
                <div />
                <br />
                <h4>
                  Edge types
                </h4>
                <div />
                <div
                  className="overview__manage-button"
                >
                  <Connect(ProtocolLink)
                    to="registry"
                  >
                    <Button
                      color=""
                      content=""
                      icon=""
                      iconPosition="right"
                      onClick={[Function]}
                      size="small"
                      type="button"
                    >
                      Manage registry
                    </Button>
                  </Connect(ProtocolLink)>
                </div>
              </div>
              <div
                className="overview__group overview__group--forms"
              >
                <legend
                  className="overview__group-title"
                >
                  Forms
                </legend>
                <React.Fragment />
                <div
                  className="overview__manage-button"
                >
                  <Connect(ProtocolLink)
                    to="forms"
                  >
                    <Button
                      color=""
                      content=""
                      icon=""
                      iconPosition="right"
                      onClick={[Function]}
                      size="small"
                      type="button"
                    >
                      Manage forms
                    </Button>
                  </Connect(ProtocolLink)>
                </div>
              </div>
            </div>
          </div>
        </div>
      </FlippedWithContext>,
    },
    "ref": null,
    "rendered": Object {
      "instance": null,
      "key": undefined,
      "nodeType": "class",
      "props": Object {
        "children": <div
          className="overview"
        >
          <div
            className="overview__panel"
          >
            <div
              className="overview__groups"
            >
              <div
                className="overview__group overview__group--title"
              >
                <h1
                  className="overview__name"
                >
                  
                </h1>
                <TextInput
                  autoFocus={false}
                  className="timeline-overview__name"
                  fieldLabel={null}
                  hidden={false}
                  input={
                    Object {
                      "onChange": [Function],
                      "value": "",
                    }
                  }
                  label="Protocol description:"
                  meta={Object {}}
                  placeholder="Enter a description for your protocol here"
                  type="text"
                />
              </div>
              <div
                className="overview__group"
              >
                <legend
                  className="overview__group-title"
                >
                  Variable registry
                </legend>
                <br />
                <h4>
                  Node types
                </h4>
                <div />
                <br />
                <h4>
                  Edge types
                </h4>
                <div />
                <div
                  className="overview__manage-button"
                >
                  <Connect(ProtocolLink)
                    to="registry"
                  >
                    <Button
                      color=""
                      content=""
                      icon=""
                      iconPosition="right"
                      onClick={[Function]}
                      size="small"
                      type="button"
                    >
                      Manage registry
                    </Button>
                  </Connect(ProtocolLink)>
                </div>
              </div>
              <div
                className="overview__group overview__group--forms"
              >
                <legend
                  className="overview__group-title"
                >
                  Forms
                </legend>
                <React.Fragment />
                <div
                  className="overview__manage-button"
                >
                  <Connect(ProtocolLink)
                    to="forms"
                  >
                    <Button
                      color=""
                      content=""
                      icon=""
                      iconPosition="right"
                      onClick={[Function]}
                      size="small"
                      type="button"
                    >
                      Manage forms
                    </Button>
                  </Connect(ProtocolLink)>
                </div>
              </div>
            </div>
          </div>
        </div>,
        "flipId": "foo",
      },
      "ref": null,
      "rendered": Object {
        "instance": null,
        "key": undefined,
        "nodeType": "host",
        "props": Object {
          "children": <div
            className="overview__panel"
          >
            <div
              className="overview__groups"
            >
              <div
                className="overview__group overview__group--title"
              >
                <h1
                  className="overview__name"
                >
                  
                </h1>
                <TextInput
                  autoFocus={false}
                  className="timeline-overview__name"
                  fieldLabel={null}
                  hidden={false}
                  input={
                    Object {
                      "onChange": [Function],
                      "value": "",
                    }
                  }
                  label="Protocol description:"
                  meta={Object {}}
                  placeholder="Enter a description for your protocol here"
                  type="text"
                />
              </div>
              <div
                className="overview__group"
              >
                <legend
                  className="overview__group-title"
                >
                  Variable registry
                </legend>
                <br />
                <h4>
                  Node types
                </h4>
                <div />
                <br />
                <h4>
                  Edge types
                </h4>
                <div />
                <div
                  className="overview__manage-button"
                >
                  <Connect(ProtocolLink)
                    to="registry"
                  >
                    <Button
                      color=""
                      content=""
                      icon=""
                      iconPosition="right"
                      onClick={[Function]}
                      size="small"
                      type="button"
                    >
                      Manage registry
                    </Button>
                  </Connect(ProtocolLink)>
                </div>
              </div>
              <div
                className="overview__group overview__group--forms"
              >
                <legend
                  className="overview__group-title"
                >
                  Forms
                </legend>
                <React.Fragment />
                <div
                  className="overview__manage-button"
                >
                  <Connect(ProtocolLink)
                    to="forms"
                  >
                    <Button
                      color=""
                      content=""
                      icon=""
                      iconPosition="right"
                      onClick={[Function]}
                      size="small"
                      type="button"
                    >
                      Manage forms
                    </Button>
                  </Connect(ProtocolLink)>
                </div>
              </div>
            </div>
          </div>,
          "className": "overview",
        },
        "ref": null,
        "rendered": Object {
          "instance": null,
          "key": undefined,
          "nodeType": "host",
          "props": Object {
            "children": <div
              className="overview__groups"
            >
              <div
                className="overview__group overview__group--title"
              >
                <h1
                  className="overview__name"
                >
                  
                </h1>
                <TextInput
                  autoFocus={false}
                  className="timeline-overview__name"
                  fieldLabel={null}
                  hidden={false}
                  input={
                    Object {
                      "onChange": [Function],
                      "value": "",
                    }
                  }
                  label="Protocol description:"
                  meta={Object {}}
                  placeholder="Enter a description for your protocol here"
                  type="text"
                />
              </div>
              <div
                className="overview__group"
              >
                <legend
                  className="overview__group-title"
                >
                  Variable registry
                </legend>
                <br />
                <h4>
                  Node types
                </h4>
                <div />
                <br />
                <h4>
                  Edge types
                </h4>
                <div />
                <div
                  className="overview__manage-button"
                >
                  <Connect(ProtocolLink)
                    to="registry"
                  >
                    <Button
                      color=""
                      content=""
                      icon=""
                      iconPosition="right"
                      onClick={[Function]}
                      size="small"
                      type="button"
                    >
                      Manage registry
                    </Button>
                  </Connect(ProtocolLink)>
                </div>
              </div>
              <div
                className="overview__group overview__group--forms"
              >
                <legend
                  className="overview__group-title"
                >
                  Forms
                </legend>
                <React.Fragment />
                <div
                  className="overview__manage-button"
                >
                  <Connect(ProtocolLink)
                    to="forms"
                  >
                    <Button
                      color=""
                      content=""
                      icon=""
                      iconPosition="right"
                      onClick={[Function]}
                      size="small"
                      type="button"
                    >
                      Manage forms
                    </Button>
                  </Connect(ProtocolLink)>
                </div>
              </div>
            </div>,
            "className": "overview__panel",
          },
          "ref": null,
          "rendered": Object {
            "instance": null,
            "key": undefined,
            "nodeType": "host",
            "props": Object {
              "children": Array [
                <div
                  className="overview__group overview__group--title"
                >
                  <h1
                    className="overview__name"
                  >
                    
                  </h1>
                  <TextInput
                    autoFocus={false}
                    className="timeline-overview__name"
                    fieldLabel={null}
                    hidden={false}
                    input={
                      Object {
                        "onChange": [Function],
                        "value": "",
                      }
                    }
                    label="Protocol description:"
                    meta={Object {}}
                    placeholder="Enter a description for your protocol here"
                    type="text"
                  />
                </div>,
                <div
                  className="overview__group"
                >
                  <legend
                    className="overview__group-title"
                  >
                    Variable registry
                  </legend>
                  <br />
                  <h4>
                    Node types
                  </h4>
                  <div />
                  <br />
                  <h4>
                    Edge types
                  </h4>
                  <div />
                  <div
                    className="overview__manage-button"
                  >
                    <Connect(ProtocolLink)
                      to="registry"
                    >
                      <Button
                        color=""
                        content=""
                        icon=""
                        iconPosition="right"
                        onClick={[Function]}
                        size="small"
                        type="button"
                      >
                        Manage registry
                      </Button>
                    </Connect(ProtocolLink)>
                  </div>
                </div>,
                <div
                  className="overview__group overview__group--forms"
                >
                  <legend
                    className="overview__group-title"
                  >
                    Forms
                  </legend>
                  <React.Fragment />
                  <div
                    className="overview__manage-button"
                  >
                    <Connect(ProtocolLink)
                      to="forms"
                    >
                      <Button
                        color=""
                        content=""
                        icon=""
                        iconPosition="right"
                        onClick={[Function]}
                        size="small"
                        type="button"
                      >
                        Manage forms
                      </Button>
                    </Connect(ProtocolLink)>
                  </div>
                </div>,
              ],
              "className": "overview__groups",
            },
            "ref": null,
            "rendered": Array [
              Object {
                "instance": null,
                "key": undefined,
                "nodeType": "host",
                "props": Object {
                  "children": Array [
                    <h1
                      className="overview__name"
                    >
                      
                    </h1>,
                    <TextInput
                      autoFocus={false}
                      className="timeline-overview__name"
                      fieldLabel={null}
                      hidden={false}
                      input={
                        Object {
                          "onChange": [Function],
                          "value": "",
                        }
                      }
                      label="Protocol description:"
                      meta={Object {}}
                      placeholder="Enter a description for your protocol here"
                      type="text"
                    />,
                  ],
                  "className": "overview__group overview__group--title",
                },
                "ref": null,
                "rendered": Array [
                  Object {
                    "instance": null,
                    "key": undefined,
                    "nodeType": "host",
                    "props": Object {
                      "children": "",
                      "className": "overview__name",
                    },
                    "ref": null,
                    "rendered": "",
                    "type": "h1",
                  },
                  Object {
                    "instance": null,
                    "key": undefined,
                    "nodeType": "class",
                    "props": Object {
                      "autoFocus": false,
                      "className": "timeline-overview__name",
                      "fieldLabel": null,
                      "hidden": false,
                      "input": Object {
                        "onChange": [Function],
                        "value": "",
                      },
                      "label": "Protocol description:",
                      "meta": Object {},
                      "placeholder": "Enter a description for your protocol here",
                      "type": "text",
                    },
                    "ref": null,
                    "rendered": null,
                    "type": [Function],
                  },
                ],
                "type": "div",
              },
              Object {
                "instance": null,
                "key": undefined,
                "nodeType": "host",
                "props": Object {
                  "children": Array [
                    <legend
                      className="overview__group-title"
                    >
                      Variable registry
                    </legend>,
                    <br />,
                    <h4>
                      Node types
                    </h4>,
                    <div />,
                    <br />,
                    <h4>
                      Edge types
                    </h4>,
                    <div />,
                    <div
                      className="overview__manage-button"
                    >
                      <Connect(ProtocolLink)
                        to="registry"
                      >
                        <Button
                          color=""
                          content=""
                          icon=""
                          iconPosition="right"
                          onClick={[Function]}
                          size="small"
                          type="button"
                        >
                          Manage registry
                        </Button>
                      </Connect(ProtocolLink)>
                    </div>,
                  ],
                  "className": "overview__group",
                },
                "ref": null,
                "rendered": Array [
                  Object {
                    "instance": null,
                    "key": undefined,
                    "nodeType": "host",
                    "props": Object {
                      "children": "Variable registry",
                      "className": "overview__group-title",
                    },
                    "ref": null,
                    "rendered": "Variable registry",
                    "type": "legend",
                  },
                  Object {
                    "instance": null,
                    "key": undefined,
                    "nodeType": "host",
                    "props": Object {},
                    "ref": null,
                    "rendered": null,
                    "type": "br",
                  },
                  Object {
                    "instance": null,
                    "key": undefined,
                    "nodeType": "host",
                    "props": Object {
                      "children": "Node types",
                    },
                    "ref": null,
                    "rendered": "Node types",
                    "type": "h4",
                  },
                  Object {
                    "instance": null,
                    "key": undefined,
                    "nodeType": "host",
                    "props": Object {
                      "children": Array [],
                    },
                    "ref": null,
                    "rendered": Array [],
                    "type": "div",
                  },
                  Object {
                    "instance": null,
                    "key": undefined,
                    "nodeType": "host",
                    "props": Object {},
                    "ref": null,
                    "rendered": null,
                    "type": "br",
                  },
                  Object {
                    "instance": null,
                    "key": undefined,
                    "nodeType": "host",
                    "props": Object {
                      "children": "Edge types",
                    },
                    "ref": null,
                    "rendered": "Edge types",
                    "type": "h4",
                  },
                  Object {
                    "instance": null,
                    "key": undefined,
                    "nodeType": "host",
                    "props": Object {
                      "children": Array [],
                    },
                    "ref": null,
                    "rendered": Array [],
                    "type": "div",
                  },
                  Object {
                    "instance": null,
                    "key": undefined,
                    "nodeType": "host",
                    "props": Object {
                      "children": <Connect(ProtocolLink)
                        to="registry"
                      >
                        <Button
                          color=""
                          content=""
                          icon=""
                          iconPosition="right"
                          onClick={[Function]}
                          size="small"
                          type="button"
                        >
                          Manage registry
                        </Button>
                      </Connect(ProtocolLink)>,
                      "className": "overview__manage-button",
                    },
                    "ref": null,
                    "rendered": Object {
                      "instance": null,
                      "key": undefined,
                      "nodeType": "class",
                      "props": Object {
                        "children": <Button
                          color=""
                          content=""
                          icon=""
                          iconPosition="right"
                          onClick={[Function]}
                          size="small"
                          type="button"
                        >
                          Manage registry
                        </Button>,
                        "to": "registry",
                      },
                      "ref": null,
                      "rendered": Object {
                        "instance": null,
                        "key": undefined,
                        "nodeType": "class",
                        "props": Object {
                          "children": "Manage registry",
                          "color": "",
                          "content": "",
                          "icon": "",
                          "iconPosition": "right",
                          "onClick": [Function],
                          "size": "small",
                          "type": "button",
                        },
                        "ref": null,
                        "rendered": "Manage registry",
                        "type": [Function],
                      },
                      "type": [Function],
                    },
                    "type": "div",
                  },
                ],
                "type": "div",
              },
              Object {
                "instance": null,
                "key": undefined,
                "nodeType": "host",
                "props": Object {
                  "children": Array [
                    <legend
                      className="overview__group-title"
                    >
                      Forms
                    </legend>,
                    <React.Fragment />,
                    <div
                      className="overview__manage-button"
                    >
                      <Connect(ProtocolLink)
                        to="forms"
                      >
                        <Button
                          color=""
                          content=""
                          icon=""
                          iconPosition="right"
                          onClick={[Function]}
                          size="small"
                          type="button"
                        >
                          Manage forms
                        </Button>
                      </Connect(ProtocolLink)>
                    </div>,
                  ],
                  "className": "overview__group overview__group--forms",
                },
                "ref": null,
                "rendered": Array [
                  Object {
                    "instance": null,
                    "key": undefined,
                    "nodeType": "host",
                    "props": Object {
                      "children": "Forms",
                      "className": "overview__group-title",
                    },
                    "ref": null,
                    "rendered": "Forms",
                    "type": "legend",
                  },
                  Object {
                    "instance": null,
                    "key": undefined,
                    "nodeType": "function",
                    "props": Object {
                      "children": Array [],
                    },
                    "ref": null,
                    "rendered": Array [],
                    "type": Symbol(react.fragment),
                  },
                  Object {
                    "instance": null,
                    "key": undefined,
                    "nodeType": "host",
                    "props": Object {
                      "children": <Connect(ProtocolLink)
                        to="forms"
                      >
                        <Button
                          color=""
                          content=""
                          icon=""
                          iconPosition="right"
                          onClick={[Function]}
                          size="small"
                          type="button"
                        >
                          Manage forms
                        </Button>
                      </Connect(ProtocolLink)>,
                      "className": "overview__manage-button",
                    },
                    "ref": null,
                    "rendered": Object {
                      "instance": null,
                      "key": undefined,
                      "nodeType": "class",
                      "props": Object {
                        "children": <Button
                          color=""
                          content=""
                          icon=""
                          iconPosition="right"
                          onClick={[Function]}
                          size="small"
                          type="button"
                        >
                          Manage forms
                        </Button>,
                        "to": "forms",
                      },
                      "ref": null,
                      "rendered": Object {
                        "instance": null,
                        "key": undefined,
                        "nodeType": "class",
                        "props": Object {
                          "children": "Manage forms",
                          "color": "",
                          "content": "",
                          "icon": "",
                          "iconPosition": "right",
                          "onClick": [Function],
                          "size": "small",
                          "type": "button",
                        },
                        "ref": null,
                        "rendered": "Manage forms",
                        "type": [Function],
                      },
                      "type": [Function],
                    },
                    "type": "div",
                  },
                ],
                "type": "div",
              },
            ],
            "type": "div",
          },
          "type": "div",
        },
        "type": "div",
      },
      "type": [Function],
    },
    "type": Symbol(react.fragment),
  },
  Symbol(enzyme.__nodes__): Array [
    Object {
      "instance": null,
      "key": undefined,
      "nodeType": "function",
      "props": Object {
        "children": <FlippedWithContext
          flipId="foo"
        >
          <div
            className="overview"
          >
            <div
              className="overview__panel"
            >
              <div
                className="overview__groups"
              >
                <div
                  className="overview__group overview__group--title"
                >
                  <h1
                    className="overview__name"
                  >
                    
                  </h1>
                  <TextInput
                    autoFocus={false}
                    className="timeline-overview__name"
                    fieldLabel={null}
                    hidden={false}
                    input={
                      Object {
                        "onChange": [Function],
                        "value": "",
                      }
                    }
                    label="Protocol description:"
                    meta={Object {}}
                    placeholder="Enter a description for your protocol here"
                    type="text"
                  />
                </div>
                <div
                  className="overview__group"
                >
                  <legend
                    className="overview__group-title"
                  >
                    Variable registry
                  </legend>
                  <br />
                  <h4>
                    Node types
                  </h4>
                  <div />
                  <br />
                  <h4>
                    Edge types
                  </h4>
                  <div />
                  <div
                    className="overview__manage-button"
                  >
                    <Connect(ProtocolLink)
                      to="registry"
                    >
                      <Button
                        color=""
                        content=""
                        icon=""
                        iconPosition="right"
                        onClick={[Function]}
                        size="small"
                        type="button"
                      >
                        Manage registry
                      </Button>
                    </Connect(ProtocolLink)>
                  </div>
                </div>
                <div
                  className="overview__group overview__group--forms"
                >
                  <legend
                    className="overview__group-title"
                  >
                    Forms
                  </legend>
                  <React.Fragment />
                  <div
                    className="overview__manage-button"
                  >
                    <Connect(ProtocolLink)
                      to="forms"
                    >
                      <Button
                        color=""
                        content=""
                        icon=""
                        iconPosition="right"
                        onClick={[Function]}
                        size="small"
                        type="button"
                      >
                        Manage forms
                      </Button>
                    </Connect(ProtocolLink)>
                  </div>
                </div>
              </div>
            </div>
          </div>
        </FlippedWithContext>,
      },
      "ref": null,
      "rendered": Object {
        "instance": null,
        "key": undefined,
        "nodeType": "class",
        "props": Object {
          "children": <div
            className="overview"
          >
            <div
              className="overview__panel"
            >
              <div
                className="overview__groups"
              >
                <div
                  className="overview__group overview__group--title"
                >
                  <h1
                    className="overview__name"
                  >
                    
                  </h1>
                  <TextInput
                    autoFocus={false}
                    className="timeline-overview__name"
                    fieldLabel={null}
                    hidden={false}
                    input={
                      Object {
                        "onChange": [Function],
                        "value": "",
                      }
                    }
                    label="Protocol description:"
                    meta={Object {}}
                    placeholder="Enter a description for your protocol here"
                    type="text"
                  />
                </div>
                <div
                  className="overview__group"
                >
                  <legend
                    className="overview__group-title"
                  >
                    Variable registry
                  </legend>
                  <br />
                  <h4>
                    Node types
                  </h4>
                  <div />
                  <br />
                  <h4>
                    Edge types
                  </h4>
                  <div />
                  <div
                    className="overview__manage-button"
                  >
                    <Connect(ProtocolLink)
                      to="registry"
                    >
                      <Button
                        color=""
                        content=""
                        icon=""
                        iconPosition="right"
                        onClick={[Function]}
                        size="small"
                        type="button"
                      >
                        Manage registry
                      </Button>
                    </Connect(ProtocolLink)>
                  </div>
                </div>
                <div
                  className="overview__group overview__group--forms"
                >
                  <legend
                    className="overview__group-title"
                  >
                    Forms
                  </legend>
                  <React.Fragment />
                  <div
                    className="overview__manage-button"
                  >
                    <Connect(ProtocolLink)
                      to="forms"
                    >
                      <Button
                        color=""
                        content=""
                        icon=""
                        iconPosition="right"
                        onClick={[Function]}
                        size="small"
                        type="button"
                      >
                        Manage forms
                      </Button>
                    </Connect(ProtocolLink)>
                  </div>
                </div>
              </div>
            </div>
          </div>,
          "flipId": "foo",
        },
        "ref": null,
        "rendered": Object {
          "instance": null,
          "key": undefined,
          "nodeType": "host",
          "props": Object {
            "children": <div
              className="overview__panel"
            >
              <div
                className="overview__groups"
              >
                <div
                  className="overview__group overview__group--title"
                >
                  <h1
                    className="overview__name"
                  >
                    
                  </h1>
                  <TextInput
                    autoFocus={false}
                    className="timeline-overview__name"
                    fieldLabel={null}
                    hidden={false}
                    input={
                      Object {
                        "onChange": [Function],
                        "value": "",
                      }
                    }
                    label="Protocol description:"
                    meta={Object {}}
                    placeholder="Enter a description for your protocol here"
                    type="text"
                  />
                </div>
                <div
                  className="overview__group"
                >
                  <legend
                    className="overview__group-title"
                  >
                    Variable registry
                  </legend>
                  <br />
                  <h4>
                    Node types
                  </h4>
                  <div />
                  <br />
                  <h4>
                    Edge types
                  </h4>
                  <div />
                  <div
                    className="overview__manage-button"
                  >
                    <Connect(ProtocolLink)
                      to="registry"
                    >
                      <Button
                        color=""
                        content=""
                        icon=""
                        iconPosition="right"
                        onClick={[Function]}
                        size="small"
                        type="button"
                      >
                        Manage registry
                      </Button>
                    </Connect(ProtocolLink)>
                  </div>
                </div>
                <div
                  className="overview__group overview__group--forms"
                >
                  <legend
                    className="overview__group-title"
                  >
                    Forms
                  </legend>
                  <React.Fragment />
                  <div
                    className="overview__manage-button"
                  >
                    <Connect(ProtocolLink)
                      to="forms"
                    >
                      <Button
                        color=""
                        content=""
                        icon=""
                        iconPosition="right"
                        onClick={[Function]}
                        size="small"
                        type="button"
                      >
                        Manage forms
                      </Button>
                    </Connect(ProtocolLink)>
                  </div>
                </div>
              </div>
            </div>,
            "className": "overview",
          },
          "ref": null,
          "rendered": Object {
            "instance": null,
            "key": undefined,
            "nodeType": "host",
            "props": Object {
              "children": <div
                className="overview__groups"
              >
                <div
                  className="overview__group overview__group--title"
                >
                  <h1
                    className="overview__name"
                  >
                    
                  </h1>
                  <TextInput
                    autoFocus={false}
                    className="timeline-overview__name"
                    fieldLabel={null}
                    hidden={false}
                    input={
                      Object {
                        "onChange": [Function],
                        "value": "",
                      }
                    }
                    label="Protocol description:"
                    meta={Object {}}
                    placeholder="Enter a description for your protocol here"
                    type="text"
                  />
                </div>
                <div
                  className="overview__group"
                >
                  <legend
                    className="overview__group-title"
                  >
                    Variable registry
                  </legend>
                  <br />
                  <h4>
                    Node types
                  </h4>
                  <div />
                  <br />
                  <h4>
                    Edge types
                  </h4>
                  <div />
                  <div
                    className="overview__manage-button"
                  >
                    <Connect(ProtocolLink)
                      to="registry"
                    >
                      <Button
                        color=""
                        content=""
                        icon=""
                        iconPosition="right"
                        onClick={[Function]}
                        size="small"
                        type="button"
                      >
                        Manage registry
                      </Button>
                    </Connect(ProtocolLink)>
                  </div>
                </div>
                <div
                  className="overview__group overview__group--forms"
                >
                  <legend
                    className="overview__group-title"
                  >
                    Forms
                  </legend>
                  <React.Fragment />
                  <div
                    className="overview__manage-button"
                  >
                    <Connect(ProtocolLink)
                      to="forms"
                    >
                      <Button
                        color=""
                        content=""
                        icon=""
                        iconPosition="right"
                        onClick={[Function]}
                        size="small"
                        type="button"
                      >
                        Manage forms
                      </Button>
                    </Connect(ProtocolLink)>
                  </div>
                </div>
              </div>,
              "className": "overview__panel",
            },
            "ref": null,
            "rendered": Object {
              "instance": null,
              "key": undefined,
              "nodeType": "host",
              "props": Object {
                "children": Array [
                  <div
                    className="overview__group overview__group--title"
                  >
                    <h1
                      className="overview__name"
                    >
                      
                    </h1>
                    <TextInput
                      autoFocus={false}
                      className="timeline-overview__name"
                      fieldLabel={null}
                      hidden={false}
                      input={
                        Object {
                          "onChange": [Function],
                          "value": "",
                        }
                      }
                      label="Protocol description:"
                      meta={Object {}}
                      placeholder="Enter a description for your protocol here"
                      type="text"
                    />
                  </div>,
                  <div
                    className="overview__group"
                  >
                    <legend
                      className="overview__group-title"
                    >
                      Variable registry
                    </legend>
                    <br />
                    <h4>
                      Node types
                    </h4>
                    <div />
                    <br />
                    <h4>
                      Edge types
                    </h4>
                    <div />
                    <div
                      className="overview__manage-button"
                    >
                      <Connect(ProtocolLink)
                        to="registry"
                      >
                        <Button
                          color=""
                          content=""
                          icon=""
                          iconPosition="right"
                          onClick={[Function]}
                          size="small"
                          type="button"
                        >
                          Manage registry
                        </Button>
                      </Connect(ProtocolLink)>
                    </div>
                  </div>,
                  <div
                    className="overview__group overview__group--forms"
                  >
                    <legend
                      className="overview__group-title"
                    >
                      Forms
                    </legend>
                    <React.Fragment />
                    <div
                      className="overview__manage-button"
                    >
                      <Connect(ProtocolLink)
                        to="forms"
                      >
                        <Button
                          color=""
                          content=""
                          icon=""
                          iconPosition="right"
                          onClick={[Function]}
                          size="small"
                          type="button"
                        >
                          Manage forms
                        </Button>
                      </Connect(ProtocolLink)>
                    </div>
                  </div>,
                ],
                "className": "overview__groups",
              },
              "ref": null,
              "rendered": Array [
                Object {
                  "instance": null,
                  "key": undefined,
                  "nodeType": "host",
                  "props": Object {
                    "children": Array [
                      <h1
                        className="overview__name"
                      >
                        
                      </h1>,
                      <TextInput
                        autoFocus={false}
                        className="timeline-overview__name"
                        fieldLabel={null}
                        hidden={false}
                        input={
                          Object {
                            "onChange": [Function],
                            "value": "",
                          }
                        }
                        label="Protocol description:"
                        meta={Object {}}
                        placeholder="Enter a description for your protocol here"
                        type="text"
                      />,
                    ],
                    "className": "overview__group overview__group--title",
                  },
                  "ref": null,
                  "rendered": Array [
                    Object {
                      "instance": null,
                      "key": undefined,
                      "nodeType": "host",
                      "props": Object {
                        "children": "",
                        "className": "overview__name",
                      },
                      "ref": null,
                      "rendered": "",
                      "type": "h1",
                    },
                    Object {
                      "instance": null,
                      "key": undefined,
                      "nodeType": "class",
                      "props": Object {
                        "autoFocus": false,
                        "className": "timeline-overview__name",
                        "fieldLabel": null,
                        "hidden": false,
                        "input": Object {
                          "onChange": [Function],
                          "value": "",
                        },
                        "label": "Protocol description:",
                        "meta": Object {},
                        "placeholder": "Enter a description for your protocol here",
                        "type": "text",
                      },
                      "ref": null,
                      "rendered": null,
                      "type": [Function],
                    },
                  ],
                  "type": "div",
                },
                Object {
                  "instance": null,
                  "key": undefined,
                  "nodeType": "host",
                  "props": Object {
                    "children": Array [
                      <legend
                        className="overview__group-title"
                      >
                        Variable registry
                      </legend>,
                      <br />,
                      <h4>
                        Node types
                      </h4>,
                      <div />,
                      <br />,
                      <h4>
                        Edge types
                      </h4>,
                      <div />,
                      <div
                        className="overview__manage-button"
                      >
                        <Connect(ProtocolLink)
                          to="registry"
                        >
                          <Button
                            color=""
                            content=""
                            icon=""
                            iconPosition="right"
                            onClick={[Function]}
                            size="small"
                            type="button"
                          >
                            Manage registry
                          </Button>
                        </Connect(ProtocolLink)>
                      </div>,
                    ],
                    "className": "overview__group",
                  },
                  "ref": null,
                  "rendered": Array [
                    Object {
                      "instance": null,
                      "key": undefined,
                      "nodeType": "host",
                      "props": Object {
                        "children": "Variable registry",
                        "className": "overview__group-title",
                      },
                      "ref": null,
                      "rendered": "Variable registry",
                      "type": "legend",
                    },
                    Object {
                      "instance": null,
                      "key": undefined,
                      "nodeType": "host",
                      "props": Object {},
                      "ref": null,
                      "rendered": null,
                      "type": "br",
                    },
                    Object {
                      "instance": null,
                      "key": undefined,
                      "nodeType": "host",
                      "props": Object {
                        "children": "Node types",
                      },
                      "ref": null,
                      "rendered": "Node types",
                      "type": "h4",
                    },
                    Object {
                      "instance": null,
                      "key": undefined,
                      "nodeType": "host",
                      "props": Object {
                        "children": Array [],
                      },
                      "ref": null,
                      "rendered": Array [],
                      "type": "div",
                    },
                    Object {
                      "instance": null,
                      "key": undefined,
                      "nodeType": "host",
                      "props": Object {},
                      "ref": null,
                      "rendered": null,
                      "type": "br",
                    },
                    Object {
                      "instance": null,
                      "key": undefined,
                      "nodeType": "host",
                      "props": Object {
                        "children": "Edge types",
                      },
                      "ref": null,
                      "rendered": "Edge types",
                      "type": "h4",
                    },
                    Object {
                      "instance": null,
                      "key": undefined,
                      "nodeType": "host",
                      "props": Object {
                        "children": Array [],
                      },
                      "ref": null,
                      "rendered": Array [],
                      "type": "div",
                    },
                    Object {
                      "instance": null,
                      "key": undefined,
                      "nodeType": "host",
                      "props": Object {
                        "children": <Connect(ProtocolLink)
                          to="registry"
                        >
                          <Button
                            color=""
                            content=""
                            icon=""
                            iconPosition="right"
                            onClick={[Function]}
                            size="small"
                            type="button"
                          >
                            Manage registry
                          </Button>
                        </Connect(ProtocolLink)>,
                        "className": "overview__manage-button",
                      },
                      "ref": null,
                      "rendered": Object {
                        "instance": null,
                        "key": undefined,
                        "nodeType": "class",
                        "props": Object {
                          "children": <Button
                            color=""
                            content=""
                            icon=""
                            iconPosition="right"
                            onClick={[Function]}
                            size="small"
                            type="button"
                          >
                            Manage registry
                          </Button>,
                          "to": "registry",
                        },
                        "ref": null,
                        "rendered": Object {
                          "instance": null,
                          "key": undefined,
                          "nodeType": "class",
                          "props": Object {
                            "children": "Manage registry",
                            "color": "",
                            "content": "",
                            "icon": "",
                            "iconPosition": "right",
                            "onClick": [Function],
                            "size": "small",
                            "type": "button",
                          },
                          "ref": null,
                          "rendered": "Manage registry",
                          "type": [Function],
                        },
                        "type": [Function],
                      },
                      "type": "div",
                    },
                  ],
                  "type": "div",
                },
                Object {
                  "instance": null,
                  "key": undefined,
                  "nodeType": "host",
                  "props": Object {
                    "children": Array [
                      <legend
                        className="overview__group-title"
                      >
                        Forms
                      </legend>,
                      <React.Fragment />,
                      <div
                        className="overview__manage-button"
                      >
                        <Connect(ProtocolLink)
                          to="forms"
                        >
                          <Button
                            color=""
                            content=""
                            icon=""
                            iconPosition="right"
                            onClick={[Function]}
                            size="small"
                            type="button"
                          >
                            Manage forms
                          </Button>
                        </Connect(ProtocolLink)>
                      </div>,
                    ],
                    "className": "overview__group overview__group--forms",
                  },
                  "ref": null,
                  "rendered": Array [
                    Object {
                      "instance": null,
                      "key": undefined,
                      "nodeType": "host",
                      "props": Object {
                        "children": "Forms",
                        "className": "overview__group-title",
                      },
                      "ref": null,
                      "rendered": "Forms",
                      "type": "legend",
                    },
                    Object {
                      "instance": null,
                      "key": undefined,
                      "nodeType": "function",
                      "props": Object {
                        "children": Array [],
                      },
                      "ref": null,
                      "rendered": Array [],
                      "type": Symbol(react.fragment),
                    },
                    Object {
                      "instance": null,
                      "key": undefined,
                      "nodeType": "host",
                      "props": Object {
                        "children": <Connect(ProtocolLink)
                          to="forms"
                        >
                          <Button
                            color=""
                            content=""
                            icon=""
                            iconPosition="right"
                            onClick={[Function]}
                            size="small"
                            type="button"
                          >
                            Manage forms
                          </Button>
                        </Connect(ProtocolLink)>,
                        "className": "overview__manage-button",
                      },
                      "ref": null,
                      "rendered": Object {
                        "instance": null,
                        "key": undefined,
                        "nodeType": "class",
                        "props": Object {
                          "children": <Button
                            color=""
                            content=""
                            icon=""
                            iconPosition="right"
                            onClick={[Function]}
                            size="small"
                            type="button"
                          >
                            Manage forms
                          </Button>,
                          "to": "forms",
                        },
                        "ref": null,
                        "rendered": Object {
                          "instance": null,
                          "key": undefined,
                          "nodeType": "class",
                          "props": Object {
                            "children": "Manage forms",
                            "color": "",
                            "content": "",
                            "icon": "",
                            "iconPosition": "right",
                            "onClick": [Function],
                            "size": "small",
                            "type": "button",
                          },
                          "ref": null,
                          "rendered": "Manage forms",
                          "type": [Function],
                        },
                        "type": [Function],
                      },
                      "type": "div",
                    },
                  ],
                  "type": "div",
                },
              ],
              "type": "div",
            },
            "type": "div",
          },
          "type": "div",
        },
        "type": [Function],
      },
      "type": Symbol(react.fragment),
    },
  ],
  Symbol(enzyme.__options__): Object {
    "adapter": ReactSixteenAdapter {
      "options": Object {
        "enableComponentDidUpdateOnSetState": true,
        "lifecycles": Object {
          "componentDidUpdate": Object {
            "onSetState": true,
          },
          "getDerivedStateFromProps": true,
          "getSnapshotBeforeUpdate": true,
          "setState": Object {
            "skipsComponentDidUpdateOnNullish": true,
          },
        },
      },
    },
  },
}
`;
