// Jest Snapshot v1, https://goo.gl/fbAQLP

exports[`<ProtocolControlBar /> can render 1`] = `
<ControlBar
  buttons={
    Array [
      <Button
        color="white"
        content=""
        data-variant="save"
        disabled={false}
        icon={
          <Icon
            className=""
            color=""
            name="arrow-right"
            style={Object {}}
          />
        }
        iconPosition="right"
        onClick={[Function]}
        size=""
        type="button"
      >
        <ForwardRef(MotionComponent)
          animate="ready"
          initial="ready"
        >
          <ForwardRef(MotionComponent)
            variants={
              Object {
                "busy": Object {
                  "opacity": 0,
                },
                "ready": Object {
                  "opacity": 1,
                },
              }
            }
          >
            Save
          </ForwardRef(MotionComponent)>
          <ForwardRef(MotionComponent)
            className="button__busy"
            variants={
              Object {
                "busy": Object {
                  "opacity": 1,
                },
                "ready": Object {
                  "opacity": 0,
                },
              }
            }
          >
            <Spinner
              large={false}
              small={false}
            />
          </ForwardRef(MotionComponent)>
        </ForwardRef(MotionComponent)>
      </Button>,
    ]
  }
  className=""
  flip={false}
  secondaryButtons={null}
  show={true}
/>
`;
