// Jest Snapshot v1, https://goo.gl/fbAQLP

exports[`<ProtocolControlBar /> can render 1`] = `
<ControlBar
  buttons={Array []}
  className=""
  secondaryButtons={
    Array [
      <Button
        color="platinum"
        content=""
        disabled={false}
        icon={
          <div>
            <img
              alt="Return to start screen"
              src="log-out.svg"
            />
          </div>
        }
        iconPosition="left"
        onClick={[Function]}
        size=""
        type="button"
      >
        Return to start screen
      </Button>,
    ]
  }
  show={true}
/>
`;
