// Jest Snapshot v1, https://goo.gl/fbAQLP

exports[`<Start /> can render? 1`] = `
<div
  className="start"
>
  <div
    className="start__welcome"
  >
    <div
      className="start__welcome-logo"
    >
      <img
        alt=""
        src="architect-logo-icon.svg"
      />
    </div>
    <div>
      <h1
        className="start__welcome-title"
      >
        Architect
      </h1>
      <h2
        className="start__welcome-lead"
      >
        A tool for creating Network Canvas interviews
      </h2>
      <Version />
    </div>
  </div>
  <div
    className="start__call-to-action"
  >
    <Button
      color="platinum"
      content=""
      disabled={false}
      icon={
        <Icon
          className=""
          color="charcoal"
          name="arrow-right"
          style={Object {}}
        />
      }
      iconPosition="left"
      id="create-new-protocol-button"
      onClick={[Function]}
      size=""
      type="button"
    >
      Create new
    </Button>
    <Button
      color="cyber-grape"
      content=""
      disabled={false}
      icon={
        <Icon
          className=""
          color=""
          name="arrow-right"
          style={Object {}}
        />
      }
      iconPosition="left"
      id="open-existing-protocol-button"
      onClick={[Function]}
      size=""
      type="button"
    >
      Open existing
    </Button>
  </div>
</div>
`;
