// Jest Snapshot v1, https://goo.gl/fbAQLP

exports[`<ZoomElement /> can render 1`] = `
ShallowWrapper {
  "length": 1,
  Symbol(enzyme.__root__): [Circular],
  Symbol(enzyme.__unrendered__): <ZoomElement
    colors={
        Array [
            "#ffffff",
            "#2d2955",
          ]
    }
>
    Foo
</ZoomElement>,
  Symbol(enzyme.__renderer__): Object {
    "batchedUpdates": [Function],
    "getNode": [Function],
    "render": [Function],
    "simulateEvent": [Function],
    "unmount": [Function],
  },
  Symbol(enzyme.__node__): Object {
    "instance": null,
    "key": null,
    "nodeType": "host",
    "props": Object {
      "children": "Foo",
      "colors": Array [
        "#ffffff",
        "#2d2955",
      ],
      "onClick": [Function],
    },
    "ref": [Function],
    "rendered": "Foo",
    "type": "span",
  },
  Symbol(enzyme.__nodes__): Array [
    Object {
      "instance": null,
      "key": null,
      "nodeType": "host",
      "props": Object {
        "children": "Foo",
        "colors": Array [
          "#ffffff",
          "#2d2955",
        ],
        "onClick": [Function],
      },
      "ref": [Function],
      "rendered": "Foo",
      "type": "span",
    },
  ],
  Symbol(enzyme.__options__): Object {
    "adapter": ReactSixteenAdapter {
      "options": Object {
        "enableComponentDidUpdateOnSetState": true,
      },
    },
  },
}
`;
